
APPLE COMPUTER@Pankaj MINGW64 ~/Desktop
$ mkdir mergconfkict

APPLE COMPUTER@Pankaj MINGW64 ~/Desktop
$ pwd
/c/Users/APPLE COMPUTER/Desktop

APPLE COMPUTER@Pankaj MINGW64 ~/Desktop
$ cd mergconfkict

APPLE COMPUTER@Pankaj MINGW64 ~/Desktop/mergconfkict
$ mkdir mer_d

APPLE COMPUTER@Pankaj MINGW64 ~/Desktop/mergconfkict
$ cd mer_d

APPLE COMPUTER@Pankaj MINGW64 ~/Desktop/mergconfkict/mer_d
$ git init
Initialized empty Git repository in C:/Users/APPLE COMPUTER/Desktop/mergconfkict/mer_d/.git/

APPLE COMPUTER@Pankaj MINGW64 ~/Desktop/mergconfkict/mer_d (master)
$ nano demo.txt

APPLE COMPUTER@Pankaj MINGW64 ~/Desktop/mergconfkict/mer_d (master)
$ cat demo.txt
Hello this is my master coad ,Hello! all

APPLE COMPUTER@Pankaj MINGW64 ~/Desktop/mergconfkict/mer_d (master)
$ git status
On branch master

No commits yet

Untracked files:
  (use "git add <file>..." to include in what will be committed)
        demo.txt

nothing added to commit but untracked files present (use "git add" to track)

APPLE COMPUTER@Pankaj MINGW64 ~/Desktop/mergconfkict/mer_d (master)
$ git add demo.txt
warning: in the working copy of 'demo.txt', LF will be replaced by CRLF the next time Git touches it

APPLE COMPUTER@Pankaj MINGW64 ~/Desktop/mergconfkict/mer_d (master)
$ git commit -m 'Firts commit'
Author identity unknown

*** Please tell me who you are.

Run

  git config --global user.email "you@example.com"
  git config --global user.name "Your Name"

to set your account's default identity.
Omit --global to set the identity only in this repository.

fatal: unable to auto-detect email address (got 'APPLE COMPUTER@Pankaj.(none)')

APPLE COMPUTER@Pankaj MINGW64 ~/Desktop/mergconfkict/mer_d (master)
$ git conflict
git: 'conflict' is not a git command. See 'git --help'.

APPLE COMPUTER@Pankaj MINGW64 ~/Desktop/mergconfkict/mer_d (master)
$ git config
error: no action specified

APPLE COMPUTER@Pankaj MINGW64 ~/Desktop/mergconfkict/mer_d (master)
$ git config --list
diff.astextplain.textconv=astextplain
filter.lfs.clean=git-lfs clean -- %f
filter.lfs.smudge=git-lfs smudge -- %f
filter.lfs.process=git-lfs filter-process
filter.lfs.required=true
http.sslbackend=schannel
core.autocrlf=true
core.fscache=true
core.symlinks=false
pull.rebase=false
credential.helper=manager
credential.https://dev.azure.com.usehttppath=true
init.defaultbranch=master
core.repositoryformatversion=0
core.filemode=false
core.bare=false
core.logallrefupdates=true
core.symlinks=false
core.ignorecase=true

APPLE COMPUTER@Pankaj MINGW64 ~/Desktop/mergconfkict/mer_d (master)
$ git config user.name "Niyati"

APPLE COMPUTER@Pankaj MINGW64 ~/Desktop/mergconfkict/mer_d (master)
$ git config user.email "niyatibavisha@gmail.com"

APPLE COMPUTER@Pankaj MINGW64 ~/Desktop/mergconfkict/mer_d (master)
$ git config --list
diff.astextplain.textconv=astextplain
filter.lfs.clean=git-lfs clean -- %f
filter.lfs.smudge=git-lfs smudge -- %f
filter.lfs.process=git-lfs filter-process
filter.lfs.required=true
http.sslbackend=schannel
core.autocrlf=true
core.fscache=true
core.symlinks=false
pull.rebase=false
credential.helper=manager
credential.https://dev.azure.com.usehttppath=true
init.defaultbranch=master
core.repositoryformatversion=0
core.filemode=false
core.bare=false
core.logallrefupdates=true
core.symlinks=false
core.ignorecase=true
user.name=Niyati
user.email=niyatibavisha@gmail.com

APPLE COMPUTER@Pankaj MINGW64 ~/Desktop/mergconfkict/mer_d (master)
$ git log
fatal: your current branch 'master' does not have any commits yet

APPLE COMPUTER@Pankaj MINGW64 ~/Desktop/mergconfkict/mer_d (master)
$ git commit -m 'Firts commit'
[master (root-commit) d71e5be] Firts commit
 1 file changed, 1 insertion(+)
 create mode 100644 demo.txt

APPLE COMPUTER@Pankaj MINGW64 ~/Desktop/mergconfkict/mer_d (master)
$ git log
commit d71e5bedcbfbc959c7f750eadb85a1a2120a706a (HEAD -> master)
Author: Niyati <niyatibavisha@gmail.com>
Date:   Tue Sep 2 10:56:52 2025 +0530

    Firts commit

APPLE COMPUTER@Pankaj MINGW64 ~/Desktop/mergconfkict/mer_d (master)
$ git branch b1

APPLE COMPUTER@Pankaj MINGW64 ~/Desktop/mergconfkict/mer_d (master)
$ git branch
  b1
* master

APPLE COMPUTER@Pankaj MINGW64 ~/Desktop/mergconfkict/mer_d (master)
$ git checkout b1
Switched to branch 'b1'

APPLE COMPUTER@Pankaj MINGW64 ~/Desktop/mergconfkict/mer_d (b1)
$ git branch
* b1
  master

APPLE COMPUTER@Pankaj MINGW64 ~/Desktop/mergconfkict/mer_d (b1)
$ nano demo1.txt

APPLE COMPUTER@Pankaj MINGW64 ~/Desktop/mergconfkict/mer_d (b1)
$ cat demo1.txt
This is My branch coad

APPLE COMPUTER@Pankaj MINGW64 ~/Desktop/mergconfkict/mer_d (b1)
$ git statue
git: 'statue' is not a git command. See 'git --help'.

The most similar command is
        status

APPLE COMPUTER@Pankaj MINGW64 ~/Desktop/mergconfkict/mer_d (b1)
$ git add demo.txt

APPLE COMPUTER@Pankaj MINGW64 ~/Desktop/mergconfkict/mer_d (b1)
$ git add demo1.txt
warning: in the working copy of 'demo1.txt', LF will be replaced by CRLF the next time Git touches it

APPLE COMPUTER@Pankaj MINGW64 ~/Desktop/mergconfkict/mer_d (b1)
$ git commit -m "Branch commit"
[b1 ebbb190] Branch commit
 1 file changed, 1 insertion(+)
 create mode 100644 demo1.txt

APPLE COMPUTER@Pankaj MINGW64 ~/Desktop/mergconfkict/mer_d (b1)
$ git statue
git: 'statue' is not a git command. See 'git --help'.

The most similar command is
        status

APPLE COMPUTER@Pankaj MINGW64 ~/Desktop/mergconfkict/mer_d (b1)
$ git log
commit ebbb190d90ce2d3d7bf28862b8c5c8a5858e1985 (HEAD -> b1)
Author: Niyati <niyatibavisha@gmail.com>
Date:   Tue Sep 2 11:00:28 2025 +0530

    Branch commit

commit d71e5bedcbfbc959c7f750eadb85a1a2120a706a (master)
Author: Niyati <niyatibavisha@gmail.com>
Date:   Tue Sep 2 10:56:52 2025 +0530

    Firts commit

APPLE COMPUTER@Pankaj MINGW64 ~/Desktop/mergconfkict/mer_d (b1)
$ git checkout master
Switched to branch 'master'

APPLE COMPUTER@Pankaj MINGW64 ~/Desktop/mergconfkict/mer_d (master)
$ nano demo1.txt

APPLE COMPUTER@Pankaj MINGW64 ~/Desktop/mergconfkict/mer_d (master)
$ cat demo1.txt
This is my master file

APPLE COMPUTER@Pankaj MINGW64 ~/Desktop/mergconfkict/mer_d (master)
$ git add .
warning: in the working copy of 'demo1.txt', LF will be replaced by CRLF the next time Git touches it

APPLE COMPUTER@Pankaj MINGW64 ~/Desktop/mergconfkict/mer_d (master)
$ git commit -m "Second commit"
[master acdcb0e] Second commit
 1 file changed, 1 insertion(+)
 create mode 100644 demo1.txt

APPLE COMPUTER@Pankaj MINGW64 ~/Desktop/mergconfkict/mer_d (master)
$ git log
commit acdcb0e9de677b5af75d5509e96a536d897791b1 (HEAD -> master)
Author: Niyati <niyatibavisha@gmail.com>
Date:   Tue Sep 2 11:07:17 2025 +0530

    Second commit

commit d71e5bedcbfbc959c7f750eadb85a1a2120a706a
Author: Niyati <niyatibavisha@gmail.com>
Date:   Tue Sep 2 10:56:52 2025 +0530

    Firts commit

APPLE COMPUTER@Pankaj MINGW64 ~/Desktop/mergconfkict/mer_d (master)
$ git merge b1
Auto-merging demo1.txt
CONFLICT (add/add): Merge conflict in demo1.txt
Automatic merge failed; fix conflicts and then commit the result.

APPLE COMPUTER@Pankaj MINGW64 ~/Desktop/mergconfkict/mer_d (master|MERGING)
$ git log
commit acdcb0e9de677b5af75d5509e96a536d897791b1 (HEAD -> master)
Author: Niyati <niyatibavisha@gmail.com>
Date:   Tue Sep 2 11:07:17 2025 +0530

    Second commit

commit d71e5bedcbfbc959c7f750eadb85a1a2120a706a
Author: Niyati <niyatibavisha@gmail.com>
Date:   Tue Sep 2 10:56:52 2025 +0530

    Firts commit

APPLE COMPUTER@Pankaj MINGW64 ~/Desktop/mergconfkict/mer_d (master|MERGING)
$ ^C

APPLE COMPUTER@Pankaj MINGW64 ~/Desktop/mergconfkict/mer_d (master|MERGING)
$ ^C

APPLE COMPUTER@Pankaj MINGW64 ~/Desktop/mergconfkict/mer_d (master|MERGING)
$ git add .

APPLE COMPUTER@Pankaj MINGW64 ~/Desktop/mergconfkict/mer_d (master|MERGING)
$ git commit -m "Merge conflict is resolved"
[master 2e915e3] Merge conflict is resolved

APPLE COMPUTER@Pankaj MINGW64 ~/Desktop/mergconfkict/mer_d (master)
$ git log
commit 2e915e331b3eb699d423dec26e11dc0177aad235 (HEAD -> master)
Merge: acdcb0e ebbb190
Author: Niyati <niyatibavisha@gmail.com>
Date:   Tue Sep 2 11:33:29 2025 +0530

    Merge conflict is resolved

commit acdcb0e9de677b5af75d5509e96a536d897791b1
Author: Niyati <niyatibavisha@gmail.com>
Date:   Tue Sep 2 11:07:17 2025 +0530

    Second commit

commit ebbb190d90ce2d3d7bf28862b8c5c8a5858e1985 (b1)
Author: Niyati <niyatibavisha@gmail.com>
Date:   Tue Sep 2 11:00:28 2025 +0530

    Branch commit

commit d71e5bedcbfbc959c7f750eadb85a1a2120a706a
Author: Niyati <niyatibavisha@gmail.com>
Date:   Tue Sep 2 10:56:52 2025 +0530

    Firts commit

APPLE COMPUTER@Pankaj MINGW64 ~/Desktop/mergconfkict/mer_d (master)
$ git log --oneline
2e915e3 (HEAD -> master) Merge conflict is resolved
acdcb0e Second commit
ebbb190 (b1) Branch commit
d71e5be Firts commit

APPLE COMPUTER@Pankaj MINGW64 ~/Desktop/mergconfkict/mer_d (master)
$ git reset --hard d71e5be
HEAD is now at d71e5be Firts commit

APPLE COMPUTER@Pankaj MINGW64 ~/Desktop/mergconfkict/mer_d (master)
$ git log
commit d71e5bedcbfbc959c7f750eadb85a1a2120a706a (HEAD -> master)
Author: Niyati <niyatibavisha@gmail.com>
Date:   Tue Sep 2 10:56:52 2025 +0530

    Firts commit

APPLE COMPUTER@Pankaj MINGW64 ~/Desktop/mergconfkict/mer_d (master)
$ git log--oneline
git: 'log--oneline' is not a git command. See 'git --help'.

APPLE COMPUTER@Pankaj MINGW64 ~/Desktop/mergconfkict/mer_d (master)
$ git log --oneline
d71e5be (HEAD -> master) Firts commit

APPLE COMPUTER@Pankaj MINGW64 ~/Desktop/mergconfkict/mer_d (master)
$ git reset --hard 2e915e3
HEAD is now at 2e915e3 Merge conflict is resolved

APPLE COMPUTER@Pankaj MINGW64 ~/Desktop/mergconfkict/mer_d (master)
$ git log
commit 2e915e331b3eb699d423dec26e11dc0177aad235 (HEAD -> master)
Merge: acdcb0e ebbb190
Author: Niyati <niyatibavisha@gmail.com>
Date:   Tue Sep 2 11:33:29 2025 +0530

    Merge conflict is resolved

commit acdcb0e9de677b5af75d5509e96a536d897791b1
Author: Niyati <niyatibavisha@gmail.com>
Date:   Tue Sep 2 11:07:17 2025 +0530

    Second commit

commit ebbb190d90ce2d3d7bf28862b8c5c8a5858e1985 (b1)
Author: Niyati <niyatibavisha@gmail.com>
Date:   Tue Sep 2 11:00:28 2025 +0530

    Branch commit

commit d71e5bedcbfbc959c7f750eadb85a1a2120a706a
Author: Niyati <niyatibavisha@gmail.com>
Date:   Tue Sep 2 10:56:52 2025 +0530

    Firts commit

APPLE COMPUTER@Pankaj MINGW64 ~/Desktop/mergconfkict/mer_d (master)
$ git log --oneline
2e915e3 (HEAD -> master) Merge conflict is resolved
acdcb0e Second commit
ebbb190 (b1) Branch commit
d71e5be Firts commit

APPLE COMPUTER@Pankaj MINGW64 ~/Desktop/mergconfkict/mer_d (master)
$ git status
On branch master
nothing to commit, working tree clean

APPLE COMPUTER@Pankaj MINGW64 ~/Desktop/mergconfkict/mer_d (master)
$ ^C

APPLE COMPUTER@Pankaj MINGW64 ~/Desktop/mergconfkict/mer_d (master)
$ ^C

APPLE COMPUTER@Pankaj MINGW64 ~/Desktop/mergconfkict/mer_d (master)
$
